// Jest Snapshot v1, https://goo.gl/fbAQLP

exports[`EditProfile page run well  1`] = `
<div>
  <div
    className="row p-0 m-0 editContainer"
  >
    <div
      className="sideBar  col-md-2"
    >
      <div
        className="side-nav-container"
      >
        <div
          className="d-none d-md-block sidebar  nav"
          onKeyDown={[Function]}
        >
          <div
            className="d-flex justify-content-evenly nav-item"
          >
            <img
              alt="profile icon"
              src="person.svg"
            />
            <a
              className="nav-link"
              data-rb-event-key="#!"
              href="#!"
              onClick={[Function]}
              onKeyDown={[Function]}
            >
              Profile
            </a>
          </div>
          <div
            className="d-flex justify-content-evenly nav-item"
          >
            <img
              alt="edit icon"
              src="edit.svg"
            />
            <a
              className="nav-link"
              data-rb-event-key="#!"
              href="#!"
              onClick={[Function]}
              onKeyDown={[Function]}
            >
              Edit Profile
            </a>
          </div>
        </div>
      </div>
    </div>
    <div
      className="col-md-10   px-4 py-4"
    >
      <div
        className="header d-flex  align-items-center"
      >
        <div
          className=""
        >
          <img
            alt=""
            src="avatar.svg"
          />
        </div>
        <div
          className="ml-4"
        >
          <h1>
            Doctor Name
          </h1>
          <p>
            Medical genetics
          </p>
        </div>
      </div>
      <div
        className="formInfo  px-4 py-3"
      >
        <form>
          <div
            className="form-row justify-content-between"
          >
            <div
              className="col-md-5"
            >
              <label
                className="label"
                htmlFor="fullname"
              >
                Full name
              </label>
              <input
                className="form-control"
                id="fullname"
                placeholder="enter your fullname"
                required={true}
                type="text"
              />
            </div>
            <div
              className="col-md-5"
            >
              <label
                className="label"
                htmlFor="specialty"
              >
                Specialty
              </label>
              <select
                className="form-control"
              >
                <option>
                  1
                </option>
                <option>
                  2
                </option>
                <option>
                  3
                </option>
                <option>
                  4
                </option>
                <option>
                  5
                </option>
              </select>
            </div>
          </div>
          <div
            className="form-row my-5 justify-content-between"
          >
            <div
              className="col-md-5 "
            >
              <label
                className="label"
                htmlFor="experince"
              >
                Experince
              </label>
              <textarea
                className="form-control"
                id="experince"
                placeholder="enter your experince"
                rows="5"
              />
            </div>
            <div
              className="col-md-5 "
            >
              <label
                className="label"
                htmlFor="education"
              >
                Education
              </label>
              <textarea
                className="form-control"
                id="education"
                placeholder="enter your education"
                rows="5"
              />
            </div>
          </div>
          <hr />
          <div
            className="form-row my-5 justify-content-between"
          >
            <div
              className="col-md-5"
            >
              <label
                className="label"
                htmlFor="email"
              >
                Email
              </label>
              <input
                className="form-control"
                id="email"
                placeholder="enter your email"
                required={true}
                type="text"
                value=""
              />
            </div>
            <div
              className="col-md-5"
            >
              <label
                className="label"
                htmlFor="phoneNumebr"
              >
                Phone Number
              </label>
              <input
                className="form-control"
                id="phoneNumebr"
                placeholder="enter your phone number"
                required={true}
                type="text"
                value=""
              />
            </div>
          </div>
          <hr />
          <div
            className="form-row my-5 justify-content-between"
          >
            <div
              className="col-md-4  mb-3"
            >
              <label
                className="label"
                htmlFor="address"
              >
                Address
              </label>
              <input
                className="form-control"
                id="address"
                required={true}
                type="text"
                value="country"
              />
            </div>
            <div
              className="col-md-4 mb-3"
            >
              <label
                className="mt-3 label"
                htmlFor="validationDefault02"
              />
              <input
                className="form-control"
                id="validationDefault02"
                required={true}
                type="text"
                value="city"
              />
            </div>
            <div
              className="col-md-4 mb-3"
            >
              <label
                className="mt-3"
                htmlFor="validationDefault02"
              />
              <input
                className="form-control"
                id="validationDefault02"
                required={true}
                type="text"
                value="refrene point"
              />
            </div>
          </div>
        </form>
        <div
          className="row p-3"
        >
          <div
            style={
              Object {
                "cursor": "grab",
                "height": 0,
                "position": "relative",
                "width": 0,
              }
            }
          >
            <div
              style={
                Object {
                  "height": "100%",
                  "position": "relative",
                  "width": "100%",
                }
              }
            >
              <div
                className="map"
                style={
                  Object {
                    "height": "100%",
                    "overflow": "hidden",
                    "position": "absolute",
                    "visibility": "inherit",
                    "width": "100%",
                  }
                }
              />
              <div
                style={
                  Object {
                    "height": 0,
                    "overflow": "visible",
                    "width": 0,
                  }
                }
              />
            </div>
          </div>
        </div>
        <div
          className="mt-5 timeTable"
        >
          <p>
            Time Table
          </p>
          <div
            className="row m-2 shadow  rounded-1"
          >
            <div
              className="col-md-4  p-3 "
            >
              <p
                className="dayOfweek"
              >
                Sunday
              </p>
              <p
                className="dayOfweek"
              >
                Monday
              </p>
              <p
                className="dayOfweek"
              >
                Tuseday
              </p>
              <p
                className="dayOfweek"
              >
                Wedensday
              </p>
              <p
                className="dayOfweek"
              >
                Thursday
              </p>
              <p
                className="dayOfweek"
              >
                Friday
              </p>
              <p
                className="dayOfweek"
              >
                Sartuday
              </p>
            </div>
            <div
              className="col-md-4  p-3 pt-4"
            >
              <div
                className="switch-container d-flex mb-4 justify-content-center"
              >
                <div
                  className="swicth custom-control custom-switch"
                >
                  <input
                    className="custom-control-input"
                    disabled={false}
                    id="sunday"
                    type="checkbox"
                  />
                  <label
                    className="custom-control-label"
                    htmlFor="sunday"
                    title=""
                  >
                    
                  </label>
                </div>
              </div>
              <div
                className="switch-container d-flex mb-4 justify-content-center"
              >
                <div
                  className="custom-control custom-switch"
                >
                  <input
                    className="custom-control-input"
                    disabled={false}
                    id="monday"
                    type="checkbox"
                  />
                  <label
                    className="custom-control-label"
                    htmlFor="monday"
                    title=""
                  >
                    
                  </label>
                </div>
              </div>
              <div
                className="switch-container d-flex mb-4 justify-content-center"
              >
                <div
                  className="swicth custom-control custom-switch"
                >
                  <input
                    className="custom-control-input"
                    disabled={false}
                    id="tuseday"
                    type="checkbox"
                  />
                  <label
                    className="custom-control-label"
                    htmlFor="tuseday"
                    title=""
                  >
                    
                  </label>
                </div>
              </div>
              <div
                className="switch-container d-flex mb-4 justify-content-center"
              >
                <div
                  className="custom-control custom-switch"
                >
                  <input
                    className="custom-control-input"
                    disabled={false}
                    id="wedensday"
                    type="checkbox"
                  />
                  <label
                    className="custom-control-label"
                    htmlFor="wedensday"
                    title=""
                  >
                    
                  </label>
                </div>
              </div>
              <div
                className="switch-container d-flex mb-4 justify-content-center"
              >
                <div
                  className="swicth custom-control custom-switch"
                >
                  <input
                    className="custom-control-input"
                    disabled={false}
                    id="thursday"
                    type="checkbox"
                  />
                  <label
                    className="custom-control-label"
                    htmlFor="thursday"
                    title=""
                  >
                    
                  </label>
                </div>
              </div>
              <div
                className="switch-container d-flex mb-4 justify-content-center"
              >
                <div
                  className="custom-control custom-switch"
                >
                  <input
                    className="custom-control-input"
                    disabled={false}
                    id="friday"
                    type="checkbox"
                  />
                  <label
                    className="custom-control-label"
                    htmlFor="friday"
                    title=""
                  >
                    
                  </label>
                </div>
              </div>
              <div
                className="switch-container d-flex mb-4 justify-content-center"
              >
                <div
                  className="custom-control custom-switch"
                >
                  <input
                    className="custom-control-input"
                    disabled={false}
                    id="saturday"
                    type="checkbox"
                  />
                  <label
                    className="custom-control-label"
                    htmlFor="saturday"
                    title=""
                  >
                    
                  </label>
                </div>
              </div>
            </div>
            <div
              className="col-md-4  p-3"
            >
              <div
                className="d-flex justify-content-between mb-3"
              >
                <input
                  className="form-control w-25 form-control-sm ml-5"
                  placeholder="from"
                  type="text"
                />
                <span>
                  -
                </span>
                <input
                  className="form-control w-25 form-control-sm mr-5"
                  placeholder="to"
                  type="text"
                />
              </div>
              <div
                className="d-flex justify-content-between mb-3"
              >
                <input
                  className="form-control w-25 form-control-sm ml-5"
                  placeholder="from"
                  type="text"
                />
                <span>
                  -
                </span>
                <input
                  className="form-control w-25 form-control-sm mr-5"
                  placeholder="to"
                  type="text"
                />
              </div>
              <div
                className="d-flex justify-content-between mb-3"
              >
                <input
                  className="form-control w-25 form-control-sm ml-5"
                  placeholder="from"
                  type="text"
                />
                <span>
                  -
                </span>
                <input
                  className="form-control w-25 form-control-sm mr-5"
                  placeholder="to"
                  type="text"
                />
              </div>
              <div
                className="d-flex justify-content-between mb-3"
              >
                <input
                  className="form-control w-25 form-control-sm ml-5"
                  placeholder="from"
                  type="text"
                />
                <span>
                  -
                </span>
                <input
                  className="form-control w-25 form-control-sm mr-5"
                  placeholder="to"
                  type="text"
                />
              </div>
              <div
                className="d-flex justify-content-between mb-3"
              >
                <input
                  className="form-control w-25 form-control-sm ml-5"
                  placeholder="from"
                  type="text"
                />
                <span>
                  -
                </span>
                <input
                  className="form-control w-25 form-control-sm mr-5"
                  placeholder="to"
                  type="text"
                />
              </div>
              <div
                className="d-flex justify-content-between mb-3"
              >
                <input
                  className="form-control w-25 form-control-sm ml-5"
                  placeholder="from"
                  type="text"
                />
                <span>
                  -
                </span>
                <input
                  className="form-control w-25 form-control-sm mr-5"
                  placeholder="to"
                  type="text"
                />
              </div>
              <div
                className="d-flex justify-content-between mb-3"
              >
                <input
                  className="form-control w-25 form-control-sm ml-5"
                  placeholder="from"
                  type="text"
                />
                <span>
                  -
                </span>
                <input
                  className="form-control w-25 form-control-sm mr-5"
                  placeholder="to"
                  type="text"
                />
              </div>
            </div>
          </div>
        </div>
      </div>
    </div>
  </div>
</div>
`;
