// Jest Snapshot v1, https://goo.gl/fbAQLP

exports[`our team section renders correctly 1`] = `
<div
  className="mb-5 container"
>
  <div
    className="row"
  >
    <div
      className="text-center mt-5 section-title container"
    >
      <h1>
        Our Team
      </h1>
    </div>
  </div>
  <div
    className="mt-5 row"
  >
    <div
      className="mt-5 col-lg-6"
    >
      <div
        className="row"
      >
        <div
          className="d-flex align-items-center flex-column col-6"
        >
          <div>
            <img
              alt="team member"
              className="img-fluid"
              src="avatar.svg"
            />
          </div>
          <div
            className="social-media mt-2"
          >
            <ul
              className="list-unstyled d-flex justify-content-between"
            >
              <li
                className="d-inline-block"
              >
                <a
                  href="#"
                >
                  <img
                    alt="github icon"
                    src="github.svg"
                  />
                </a>
              </li>
              <li
                className="d-inline-block"
              >
                <a
                  href="#"
                >
                  <img
                    alt="facebook icon"
                    src="facebook.svg"
                  />
                </a>
              </li>
              <li
                className="d-inline-block"
              >
                <a
                  href="#"
                >
                  <img
                    alt="instagram icon"
                    src="instagram.svg"
                  />
                </a>
              </li>
            </ul>
          </div>
        </div>
        <div
          className="member-info d-flex flex-column col-6"
        >
          <h2
            className="member-name"
          >
            John Doe
          </h2>
          <p
            className="member-role"
          >
            Member Role
          </p>
          <p
            className="member-description"
          >
            some description here about the person and here is more text just for test
          </p>
        </div>
      </div>
    </div>
    <div
      className="mt-5 col-lg-6"
    >
      <div
        className="row"
      >
        <div
          className="d-flex align-items-center flex-column col-6"
        >
          <div>
            <img
              alt="team member"
              className="img-fluid"
              src="avatar.svg"
            />
          </div>
          <div
            className="social-media mt-2"
          >
            <ul
              className="list-unstyled d-flex justify-content-between"
            >
              <li
                className="d-inline-block"
              >
                <a
                  href="#"
                >
                  <img
                    alt="github icon"
                    src="github.svg"
                  />
                </a>
              </li>
              <li
                className="d-inline-block"
              >
                <a
                  href="#"
                >
                  <img
                    alt="facebook icon"
                    src="facebook.svg"
                  />
                </a>
              </li>
              <li
                className="d-inline-block"
              >
                <a
                  href="#"
                >
                  <img
                    alt="instagram icon"
                    src="instagram.svg"
                  />
                </a>
              </li>
            </ul>
          </div>
        </div>
        <div
          className="member-info d-flex flex-column col-6"
        >
          <h2
            className="member-name"
          >
            John Doe
          </h2>
          <p
            className="member-role"
          >
            Member Role
          </p>
          <p
            className="member-description"
          >
            some description here about the person and here is more text just for test
          </p>
        </div>
      </div>
    </div>
    <div
      className="mt-5 col-lg-6"
    >
      <div
        className="row"
      >
        <div
          className="d-flex align-items-center flex-column col-6"
        >
          <div>
            <img
              alt="team member"
              className="img-fluid"
              src="avatar.svg"
            />
          </div>
          <div
            className="social-media mt-2"
          >
            <ul
              className="list-unstyled d-flex justify-content-between"
            >
              <li
                className="d-inline-block"
              >
                <a
                  href="#"
                >
                  <img
                    alt="github icon"
                    src="github.svg"
                  />
                </a>
              </li>
              <li
                className="d-inline-block"
              >
                <a
                  href="#"
                >
                  <img
                    alt="facebook icon"
                    src="facebook.svg"
                  />
                </a>
              </li>
              <li
                className="d-inline-block"
              >
                <a
                  href="#"
                >
                  <img
                    alt="instagram icon"
                    src="instagram.svg"
                  />
                </a>
              </li>
            </ul>
          </div>
        </div>
        <div
          className="member-info d-flex flex-column col-6"
        >
          <h2
            className="member-name"
          >
            John Doe
          </h2>
          <p
            className="member-role"
          >
            Member Role
          </p>
          <p
            className="member-description"
          >
            some description here about the person and here is more text just for test
          </p>
        </div>
      </div>
    </div>
    <div
      className="mt-5 col-lg-6"
    >
      <div
        className="row"
      >
        <div
          className="d-flex align-items-center flex-column col-6"
        >
          <div>
            <img
              alt="team member"
              className="img-fluid"
              src="avatar.svg"
            />
          </div>
          <div
            className="social-media mt-2"
          >
            <ul
              className="list-unstyled d-flex justify-content-between"
            >
              <li
                className="d-inline-block"
              >
                <a
                  href="#"
                >
                  <img
                    alt="github icon"
                    src="github.svg"
                  />
                </a>
              </li>
              <li
                className="d-inline-block"
              >
                <a
                  href="#"
                >
                  <img
                    alt="facebook icon"
                    src="facebook.svg"
                  />
                </a>
              </li>
              <li
                className="d-inline-block"
              >
                <a
                  href="#"
                >
                  <img
                    alt="instagram icon"
                    src="instagram.svg"
                  />
                </a>
              </li>
            </ul>
          </div>
        </div>
        <div
          className="member-info d-flex flex-column col-6"
        >
          <h2
            className="member-name"
          >
            John Doe
          </h2>
          <p
            className="member-role"
          >
            Member Role
          </p>
          <p
            className="member-description"
          >
            some description here about the person and here is more text just for test
          </p>
        </div>
      </div>
    </div>
  </div>
</div>
`;
