// Jest Snapshot v1, https://goo.gl/fbAQLP

exports[`renders correctly 1`] = `
<div
  className="searchForm"
>
  <div
    className="container"
  >
    <div
      className="row"
    >
      <div
        className="searchHead"
      >
        <div
          className="col-lg-12"
        >
          <h1>
            Search for your doctor
            <img
              src="Search.png"
            />
          </h1>
        </div>
      </div>
    </div>
    <div
      className="justify-content-center form-row"
    >
      <div
        className="myCol col-sm-4"
      >
        <input
          className="inputForm form-control"
          placeholder="Doctor name"
        />
      </div>
      <div
        className="myCol col-sm-4"
      >
        <div
          className="inputForm form-group"
        >
          <select
            className="inputForm custom-select"
            id="exampleForm.SelectCustom"
          >
            <option>
              Abdominal radiology
            </option>
            <option>
              Breast imaging
            </option>
            <option>
              Cardiothoracic radiology
            </option>
            <option>
              Cardiovascular radiology
            </option>
            <option>
              Chest radiology
            </option>
            <option>
              Emergency radiology
            </option>
            <option>
              Endovascular surgical neuroradiology
            </option>
            <option>
              Gastrointestinal radiology
            </option>
            <option>
              Genitourinary radiology
            </option>
            <option>
              Head and neck radiology
            </option>
            <option>
              Pulmonary disease
            </option>
            <option>
              Pulmonary disease
            </option>
            <option>
              Sleep medicine
            </option>
            <option>
              Sports medicine
            </option>
            <option>
              Transplant hepatology
            </option>
          </select>
        </div>
      </div>
      <div
        className="col-sm-2"
      >
        <button
          as="input"
          className="myButton"
          value="Submit"
        >
          Search
          <svg
            className="bi bi-search"
            fill="currentColor"
            height="1em"
            viewBox="0 0 16 16"
            width="1em"
            xmlns="http://www.w3.org/2000/svg"
          >
            <path
              d="M10.442 10.442a1 1 0 0 1 1.415 0l3.85 3.85a1 1 0 0 1-1.414 1.415l-3.85-3.85a1 1 0 0 1 0-1.415z"
              fillRule="evenodd"
            />
            <path
              d="M6.5 12a5.5 5.5 0 1 0 0-11 5.5 5.5 0 0 0 0 11zM13 6.5a6.5 6.5 0 1 1-13 0 6.5 6.5 0 0 1 13 0z"
              fillRule="evenodd"
            />
          </svg>
        </button>
      </div>
    </div>
  </div>
</div>
`;
