// Jest Snapshot v1, https://goo.gl/fbAQLP

exports[`GetInTouch render correctly 1`] = `
<div
  className="getIntouch my-5 py-5"
>
  <div
    className="container"
  >
    <div
      className="row"
    >
      <div
        className="col-lg-6"
      >
        <img
          alt=""
          className="img-fluid IntroSection__image"
          src="findDoctor.svg"
        />
      </div>
      <div
        className="  col-lg-6"
      >
        <div>
          <h1
            className="my-3"
          >
            Find a doctor and 
            <span
              className="d-block"
            >
              make an
            </span>
             
            apoinnment online
          </h1>
          <p>
            Lorem ipsum dolor sit amet consectetur adipisicing elit. Perspiciatis officiis recusandae voluptatibus! Natus voluptatum esse temporibus saepe quo omnis alias!
          </p>
          <div
            className="my-4"
          >
            <button
              className="btn-lg btn btn-primary"
              disabled={false}
              type="button"
            >
              Find Doctor
            </button>
          </div>
        </div>
      </div>
    </div>
    <div
      className=" my-5 row"
    >
      <div
        className="col-lg-6"
      >
        <div>
          <h1
            className="my-3"
          >
            You are Doctor?
            <span
              className="d-block"
            >
              Register here
            </span>
          </h1>
          <p>
            Lorem ipsum dolor sit amet consectetur adipisicing elit. Perspiciatis officiis recusandae voluptatibus! Natus voluptatum esse temporibus saepe quo omnis alias!
          </p>
          <div
            className="my-4"
          >
            <button
              className="btn-lg btn btn-primary"
              disabled={false}
              type="button"
            >
              Register
            </button>
          </div>
        </div>
      </div>
      <div
        className="  col-lg-6"
      >
        <img
          alt=""
          className="img-fluid IntroSection__image"
          src="doctorRegister.svg"
        />
      </div>
    </div>
  </div>
</div>
`;
